A51 MACRO ASSEMBLER  MAIN                                                                 08/11/2024 09:46:55 PAGE     1


MACRO ASSEMBLER A51 V8.2.7.0
OBJECT MODULE PLACED IN .\Objects\main.obj
ASSEMBLER INVOKED BY: C:\Keil_v5\C51\BIN\A51.EXE main.a51 SET(SMALL) DEBUG PRINT(.\Listings\main.lst) OBJECT(.\Objects\m
                      ain.obj) EP

LOC  OBJ            LINE     SOURCE

0000                   1     org 0h
0000 020030            2             ljmp init
000B                   3     org 0bh
000B 12010D            4             lcall Change_Effect
000E 32                5             reti
001B                   6     org 1bh
001B 120217            7             lcall Clock
001E 32                8             reti
                       9             
0030                  10     org 30h
0030                  11             init:
0030 758911           12             mov TMOD, #00010001b
0033 75A88A           13             mov IE, #10001010b
0036 758C00           14             mov TH0, #0h
0039 758A00           15             mov TL0, #0h
003C 758DFF           16             mov TH1, #0ffh
003F 758BFE           17             mov TL1, #0feh
0042 7801             18             mov R0, #1d
0044 7A10             19             mov R2, #16d
0046 7F01             20             mov R7, #1d
0048 120121           21             lcall Send_1
004B 12011A           22             lcall Res_back
004E D2A1             23             setb P2.1
0050                  24             main:
0050 1172             25             acall Get_sample
0052 C28E             26             clr TR1
0054 D28C             27             setb TR0
0056 C28C             28             clr TR0
0058 EF               29             mov A, R7
0059 9401             30             subb A, #1d
005B 6008             31             jz E_1
005D 9401             32             subb A, #1d
005F 6008             33             jz E_2
0061 9401             34             subb A, #1d
0063 6008             35             jz E_3
                      36             
0065                  37             E_1:
0065 1198             38             acall Effect_1
0067 8006             39             jmp exit_main
0069                  40             E_2:
0069 11B4             41             acall Effect_2
006B 8002             42             jmp exit_main
006D                  43             E_3:
006D 11D4             44             acall Effect_3
                      45             
006F                  46             exit_main:
006F 020050           47             ljmp main
                      48             
                      49             
                      50             
0072                  51             Get_sample:
0072 D28E             52             setb TR1
0074 3108             53             acall Delay
0076 8590F0           54             mov B, P1    ;doc adc
                      55             
0079 74FF             56             mov A, #0ffh ;tinh khoang cach
007B 95F0             57             subb A, B
A51 MACRO ASSEMBLER  MAIN                                                                 08/11/2024 09:46:55 PAGE     2

                      58             
007D B8010A           59             cjne R0, #1d, not_first_time
0080 7800             60             mov R0, #0d
0082 FD               61             mov R5, A   ;luu khoang cach
0083 75F010           62             mov B, #16d
0086 84               63             div AB
0087 FB               64             mov R3, A ;chia khoang cach thanh 16 doan aka 16 led
0088 800D             65             jmp exit_Get_sample
008A                  66             not_first_time:
008A FE               67             mov R6, A  ;luu khoang cach vao bo nho tam
008B 9D               68             subb A, R5 ;so sanh khoang cach giua mau dau va mau moi
008C 4004             69             jc valid ;nhay neu A < R5
008E 7C10             70             mov R4, #16d
0090 8005             71             jmp exit_Get_sample 
                      72             
0092                  73             valid:
0092 EE               74             mov A, R6
0093 8BF0             75             mov B, R3
0095 84               76             div AB
0096 FC               77             mov R4, A ;tinh so led tat
                      78             
0097                  79             exit_Get_sample:
0097 22               80             ret
                      81             
0098                  82             Effect_1:
0098 EC               83             mov A, R4
0099 9410             84             subb A, #16d
009B 5010             85             jnc Turn_Off_Effect_1 ; kiem tra R4 >= 16 khong
009D BC0006           86             cjne R4, #0d, Calc_Effect_1
00A0 7A10             87             mov R2, #16d
00A2 7C01             88             mov R4, #1d
00A4 8004             89             jmp Turn_On_Effect_1
                      90             
00A6                  91             Calc_Effect_1:
00A6 7410             92             mov A, #16d
00A8 9C               93             subb A, R4 ;tinh so led bat
00A9 FA               94             mov R2, A
                      95             
00AA                  96             Turn_On_Effect_1:
00AA 120121           97             lcall Send_1
00AD                  98             Turn_Off_Effect_1:
00AD 12019C           99             lcall Send_0
00B0 12011A          100             lcall Res_back
00B3 22              101             ret
                     102             
00B4                 103             Effect_2:
00B4 EC              104             mov A, R4
00B5 9410            105             subb A, #16d
00B7 4006            106             jc All_led_on ; kiem tra R4 < 16 khong
00B9 7A01            107             mov R2, #1d
00BB 7C10            108             mov R4, #16d
00BD 800B            109             jmp Turn_Off_Effect_2
                     110             
00BF                 111             All_led_on:
00BF BC0004          112             cjne R4, #0d, Calc_Effect_2
00C2 7A10            113             mov R2, #16d
00C4 8007            114             jmp Turn_On_Effect_2
                     115             
00C6                 116             Calc_Effect_2:
00C6 7410            117             mov A, #16d
00C8 9C              118             subb A, R4 ;tinh so led bat
00C9 FA              119             mov R2, A
                     120             
00CA                 121             Turn_Off_Effect_2:
00CA 12019C          122             lcall Send_0
00CD                 123             Turn_On_Effect_2:
A51 MACRO ASSEMBLER  MAIN                                                                 08/11/2024 09:46:55 PAGE     3

00CD 120121          124             lcall Send_1
00D0 12011A          125             lcall Res_back
00D3 22              126             ret
                     127             
00D4                 128             Effect_3:
00D4 EC              129             mov A, R4
00D5 9410            130             subb A, #16d
00D7 7A00            131             mov R2, #0d  ;neu dieu kien duoi dung thi khong bat led
00D9 501E            132             jnc Turn_Off_Effect_3 ; kiem tra R4 >= 16 khong
00DB BC0004          133             cjne R4, #0d, Calc_Effect_3
00DE 7A10            134             mov R2, #16d ;bat full led
00E0 801F            135             jmp Turn_Half_Second_On_Effect_3
                     136             
00E2                 137             Calc_Effect_3:
00E2 7410            138             mov A, #16d
00E4 9C              139             subb A, R4 ;tinh so led bat
00E5 75F002          140             mov B, #2d
00E8 84              141             div AB
00E9 FA              142             mov R2, A
00EA E5F0            143             mov A, B
00EC 2C              144             add A, R4
00ED FC              145             mov R4, A    ;xu ly so led tat bi le bang cach cong so du sau phep chia
00EE EA              146             mov A, R2
00EF BA0004          147             cjne R2, #0d, Turn_Half_First_On_Effect_3 ; 1/2 A = 0 B = 2
00F2 7C10            148             mov R4, #16d
00F4 8003            149             jmp Turn_Off_Effect_3
                     150             
00F6                 151             Turn_Half_First_On_Effect_3:
00F6 120121          152             lcall Send_1
                     153             
00F9                 154             Turn_Off_Effect_3:
00F9 12019C          155             lcall Send_0
00FC FA              156             mov R2, A
00FD 9401            157             subb A, #1d
00FF 4003            158             jc exit_effect_3
                     159             
0101                 160             Turn_Half_Second_On_Effect_3:
0101 120121          161             lcall Send_1
                     162             
0104                 163             exit_effect_3:
0104 12011A          164             lcall Res_back
0107 22              165             ret
                     166     
0108                 167             Delay:
0108 79FF            168                     mov R1, #0ffh
010A D9FE            169             stay: djnz R1, stay
010C 22              170             ret
                     171             
                     172             
                     173             
                     174             
                     175             
010D                 176             Change_Effect:
010D 0F              177             inc R7
010E BF0402          178             cjne R7, #4d, exit_change
0111 7F01            179             mov R7, #1d
0113                 180             exit_change:
0113 758C00          181             mov TH0, #0h
0116 758A00          182             mov TL0, #0h
0119 32              183             reti
                     184                     
011A                 185             Res_back:
011A 7971            186             mov R1, #113d
011C C2A2            187             clr P2.2
011E                 188             wait:
011E D9FE            189             djnz R1, wait
A51 MACRO ASSEMBLER  MAIN                                                                 08/11/2024 09:46:55 PAGE     4

0120 22              190             ret
                     191             
0121                 192             Send_1:
0121 D2A2            193             setb P2.2
0123 C2A2            194             clr P2.2
0125 00              195             nop
0126 D2A2            196             setb P2.2
0128 C2A2            197             clr P2.2
012A 00              198             nop
012B D2A2            199             setb P2.2
012D C2A2            200             clr P2.2
012F 00              201             nop
0130 D2A2            202             setb P2.2
0132 C2A2            203             clr P2.2
0134 00              204             nop
0135 D2A2            205             setb P2.2
0137 00              206             nop
0138 C2A2            207             clr P2.2
013A D2A2            208             setb P2.2
013C 00              209             nop
013D C2A2            210             clr P2.2
013F D2A2            211             setb P2.2
0141 C2A2            212             clr P2.2
0143 00              213             nop
0144 D2A2            214             setb P2.2
0146 C2A2            215             clr P2.2
0148 00              216             nop
0149 D2A2            217             setb P2.2
014B C2A2            218             clr P2.2
014D 00              219             nop
014E D2A2            220             setb P2.2
0150 C2A2            221             clr P2.2
0152 00              222             nop
0153 D2A2            223             setb P2.2
0155 C2A2            224             clr P2.2
0157 00              225             nop
0158 D2A2            226             setb P2.2
015A C2A2            227             clr P2.2
015C 00              228             nop
015D D2A2            229             setb P2.2
015F 00              230             nop
0160 C2A2            231             clr P2.2
0162 D2A2            232             setb P2.2
0164 00              233             nop
0165 C2A2            234             clr P2.2
0167 D2A2            235             setb P2.2
0169 C2A2            236             clr P2.2
016B 00              237             nop
016C D2A2            238             setb P2.2
016E C2A2            239             clr P2.2
0170 00              240             nop
0171 D2A2            241             setb P2.2
0173 C2A2            242             clr P2.2
0175 00              243             nop
0176 D2A2            244             setb P2.2
0178 C2A2            245             clr P2.2
017A 00              246             nop
017B D2A2            247             setb P2.2
017D C2A2            248             clr P2.2
017F 00              249             nop
0180 D2A2            250             setb P2.2
0182 C2A2            251             clr P2.2
0184 00              252             nop
0185 D2A2            253             setb P2.2
0187 00              254             nop
0188 C2A2            255             clr P2.2
A51 MACRO ASSEMBLER  MAIN                                                                 08/11/2024 09:46:55 PAGE     5

018A D2A2            256             setb P2.2
018C 00              257             nop
018D C2A2            258             clr P2.2
018F D2A2            259             setb P2.2
0191 C2A2            260             clr P2.2
0193 00              261             nop
0194 D2A2            262             setb P2.2
0196 C2A2            263             clr P2.2
0198 00              264             nop
                     265     
                     266     
                     267     
                     268     
                     269     
                     270     
                     271     
                     272     
                     273     
                     274     
                     275     
                     276     
0199 DA86            277             djnz R2, Send_1
019B 22              278             ret
                     279             
019C                 280             Send_0:
019C D2A2            281             setb P2.2
019E C2A2            282             clr P2.2
01A0 00              283             nop
                     284             
01A1 D2A2            285             setb P2.2
01A3 C2A2            286             clr P2.2
01A5 00              287             nop
                     288             
01A6 D2A2            289             setb P2.2
01A8 C2A2            290             clr P2.2
01AA 00              291             nop
                     292             
01AB D2A2            293             setb P2.2
01AD C2A2            294             clr P2.2
01AF 00              295             nop
                     296             
01B0 D2A2            297             setb P2.2
01B2 C2A2            298             clr P2.2
01B4 00              299             nop
                     300             
01B5 D2A2            301             setb P2.2
01B7 C2A2            302             clr P2.2
01B9 00              303             nop
                     304             
01BA D2A2            305             setb P2.2
01BC C2A2            306             clr P2.2
01BE 00              307             nop
                     308             
01BF D2A2            309             setb P2.2
01C1 C2A2            310             clr P2.2
01C3 00              311             nop
                     312             
01C4 D2A2            313             setb P2.2
01C6 C2A2            314             clr P2.2
01C8 00              315             nop
                     316             
01C9 D2A2            317             setb P2.2
01CB C2A2            318             clr P2.2
01CD 00              319             nop
                     320             
01CE D2A2            321             setb P2.2
A51 MACRO ASSEMBLER  MAIN                                                                 08/11/2024 09:46:55 PAGE     6

01D0 C2A2            322             clr P2.2
01D2 00              323             nop
                     324             
01D3 D2A2            325             setb P2.2
01D5 C2A2            326             clr P2.2
01D7 00              327             nop
                     328             
01D8 D2A2            329             setb P2.2
01DA C2A2            330             clr P2.2
01DC 00              331             nop
                     332             
01DD D2A2            333             setb P2.2
01DF C2A2            334             clr P2.2
01E1 00              335             nop
                     336             
01E2 D2A2            337             setb P2.2
01E4 C2A2            338             clr P2.2
01E6 00              339             nop
                     340             
01E7 D2A2            341             setb P2.2
01E9 C2A2            342             clr P2.2
01EB 00              343             nop
                     344             
01EC D2A2            345             setb P2.2
01EE C2A2            346             clr P2.2
01F0 00              347             nop
                     348             
01F1 D2A2            349             setb P2.2
01F3 C2A2            350             clr P2.2
01F5 00              351             nop
                     352             
01F6 D2A2            353             setb P2.2
01F8 C2A2            354             clr P2.2
01FA 00              355             nop
                     356             
01FB D2A2            357             setb P2.2
01FD C2A2            358             clr P2.2
01FF 00              359             nop
                     360             
0200 D2A2            361             setb P2.2
0202 C2A2            362             clr P2.2
0204 00              363             nop
                     364             
0205 D2A2            365             setb P2.2
0207 C2A2            366             clr P2.2
0209 00              367             nop
                     368             
020A D2A2            369             setb P2.2
020C C2A2            370             clr P2.2
020E 00              371             nop
                     372             
020F D2A2            373             setb P2.2
0211 C2A2            374             clr P2.2
0213 00              375             nop
0214 DC86            376             djnz R4, Send_0
0216 22              377             ret
                     378             
0217                 379             Clock:
0217 B2A3            380             cpl P2.3
0219 758DFF          381             mov TH1, #0ffh
021C 758BFE          382             mov TL1, #0feh
021F 22              383             ret
                     384     END
A51 MACRO ASSEMBLER  MAIN                                                                 08/11/2024 09:46:55 PAGE     7

SYMBOL TABLE LISTING
------ ----- -------


N A M E                       T Y P E  V A L U E   ATTRIBUTES

ALL_LED_ON . . . . . . . . .  C ADDR   00BFH   A   
B. . . . . . . . . . . . . .  D ADDR   00F0H   A   
CALC_EFFECT_1. . . . . . . .  C ADDR   00A6H   A   
CALC_EFFECT_2. . . . . . . .  C ADDR   00C6H   A   
CALC_EFFECT_3. . . . . . . .  C ADDR   00E2H   A   
CHANGE_EFFECT. . . . . . . .  C ADDR   010DH   A   
CLOCK. . . . . . . . . . . .  C ADDR   0217H   A   
DELAY. . . . . . . . . . . .  C ADDR   0108H   A   
EFFECT_1 . . . . . . . . . .  C ADDR   0098H   A   
EFFECT_2 . . . . . . . . . .  C ADDR   00B4H   A   
EFFECT_3 . . . . . . . . . .  C ADDR   00D4H   A   
EXIT_CHANGE. . . . . . . . .  C ADDR   0113H   A   
EXIT_EFFECT_3. . . . . . . .  C ADDR   0104H   A   
EXIT_GET_SAMPLE. . . . . . .  C ADDR   0097H   A   
EXIT_MAIN. . . . . . . . . .  C ADDR   006FH   A   
E_1. . . . . . . . . . . . .  C ADDR   0065H   A   
E_2. . . . . . . . . . . . .  C ADDR   0069H   A   
E_3. . . . . . . . . . . . .  C ADDR   006DH   A   
GET_SAMPLE . . . . . . . . .  C ADDR   0072H   A   
IE . . . . . . . . . . . . .  D ADDR   00A8H   A   
INIT . . . . . . . . . . . .  C ADDR   0030H   A   
MAIN . . . . . . . . . . . .  C ADDR   0050H   A   
NOT_FIRST_TIME . . . . . . .  C ADDR   008AH   A   
P1 . . . . . . . . . . . . .  D ADDR   0090H   A   
P2 . . . . . . . . . . . . .  D ADDR   00A0H   A   
RES_BACK . . . . . . . . . .  C ADDR   011AH   A   
SEND_0 . . . . . . . . . . .  C ADDR   019CH   A   
SEND_1 . . . . . . . . . . .  C ADDR   0121H   A   
STAY . . . . . . . . . . . .  C ADDR   010AH   A   
TH0. . . . . . . . . . . . .  D ADDR   008CH   A   
TH1. . . . . . . . . . . . .  D ADDR   008DH   A   
TL0. . . . . . . . . . . . .  D ADDR   008AH   A   
TL1. . . . . . . . . . . . .  D ADDR   008BH   A   
TMOD . . . . . . . . . . . .  D ADDR   0089H   A   
TR0. . . . . . . . . . . . .  B ADDR   0088H.4 A   
TR1. . . . . . . . . . . . .  B ADDR   0088H.6 A   
TURN_HALF_FIRST_ON_EFFECT_3.  C ADDR   00F6H   A   
TURN_HALF_SECOND_ON_EFFECT_3  C ADDR   0101H   A   
TURN_OFF_EFFECT_1. . . . . .  C ADDR   00ADH   A   
TURN_OFF_EFFECT_2. . . . . .  C ADDR   00CAH   A   
TURN_OFF_EFFECT_3. . . . . .  C ADDR   00F9H   A   
TURN_ON_EFFECT_1 . . . . . .  C ADDR   00AAH   A   
TURN_ON_EFFECT_2 . . . . . .  C ADDR   00CDH   A   
VALID. . . . . . . . . . . .  C ADDR   0092H   A   
WAIT . . . . . . . . . . . .  C ADDR   011EH   A   


REGISTER BANK(S) USED: 0 


ASSEMBLY COMPLETE.  0 WARNING(S), 0 ERROR(S)
